// 重构日志: 139dd29f
// 重构日志: 59915354
// 重构日志: 0f9d0cb1
// 同步 ID: 1d09025e @ Mon Jul 27 17:58:37 UTC 2026
// 同步 ID: a8ecf355 @ Tue Jul 28 14:35:17 UTC 2026
// 同步 ID: 428fa9f3 @ Wed Jul 29 16:30:44 UTC 2026
// 同步 ID: 1251f7bd @ Wed Jul 29 17:51:00 UTC 2026
// 同步 ID: 7ab58ba8 @ Thu Jul 30 08:31:32 UTC 2026
// 重构日志: 8d3b2212
// 同步 ID: bccd357a @ Fri Jul 31 02:33:12 UTC 2026
// 重构日志: f04a321a
// 重构日志: c75a9a3a
// 同步 ID: 74691202 @ Sun Aug  2 08:43:31 UTC 2026
// 同步 ID: 9d835dc5 @ Sun Aug  2 10:27:10 UTC 2026
// 重构日志: e2741578
// 重构日志: 2a6ee999
// 同步 ID: 8ab7411b @ Mon Aug  3 15:45:52 UTC 2026
// 重构日志: a9104f65
// 重构日志: 2bc4dc2b
// 重构日志: da2b1887
// 重构日志: 587bdfbe
// 同步 ID: 58bd6052 @ Fri Aug  7 04:00:33 UTC 2026
// 重构日志: 6a03ace9
// 重构日志: 99a40f18
// 重构日志: 63328e1b
// 重构日志: f9d0b930
// 重构日志: df49e046
// 同步 ID: 01231b36 @ Sat Aug  8 03:24:48 UTC 2026
// 同步 ID: f2cf5b51 @ Sat Aug  8 06:35:59 UTC 2026
// 同步 ID: b3914575 @ Sat Aug  8 07:43:42 UTC 2026
// 重构日志: 9499bb6c
